188.182.160.189 - - [11/Sep/2017:08:00:48 +0200] "GET /test/writelog.php?logtext=Obtain%20IP%20188.182.160.189 HTTP/1.1" 200 205 "-" "curl/7.35.0"
149.202.181.40 - - [11/Sep/2017:08:42:32 +0200] "GET / HTTP/1.1" 200 502 "-" "Mozilla/5.0 (Windows NT 6.1) AppleWebKit/537.36 (KHTML, like Gecko) Chrome/47.0.2526.73 Safari/537.36"
188.182.160.189 - - [11/Sep/2017:10:00:48 +0200] "GET /test/writelog.php?logtext=Obtain%20IP%20188.182.160.189 HTTP/1.1" 200 205 "-" "curl/7.35.0"
85.236.67.145 - - [11/Sep/2017:10:35:38 +0200] "GET / HTTP/1.1" 200 502 "-" "Mozilla/5.0 (Windows NT 10.0; Win64; x64) AppleWebKit/537.36 (KHTML, like Gecko) Chrome/52.0.2743.116 Safari/537.36 Edge/15.15063"
85.236.67.145 - - [11/Sep/2017:10:35:38 +0200] "GET /favicon.ico HTTP/1.1" 404 508 "-" "Mozilla/5.0 (Windows NT 10.0; Win64; x64) AppleWebKit/537.36 (KHTML, like Gecko) Chrome/52.0.2743.116 Safari/537.36 Edge/15.15063"
85.236.67.145 - - [11/Sep/2017:10:35:43 +0200] "GET /info HTTP/1.1" 301 588 "-" "Mozilla/5.0 (Windows NT 10.0; Win64; x64) AppleWebKit/537.36 (KHTML, like Gecko) Chrome/52.0.2743.116 Safari/537.36 Edge/15.15063"
85.236.67.145 - - [11/Sep/2017:10:35:43 +0200] "GET /info/ HTTP/1.1" 200 333 "-" "Mozilla/5.0 (Windows NT 10.0; Win64; x64) AppleWebKit/537.36 (KHTML, like Gecko) Chrome/52.0.2743.116 Safari/537.36 Edge/15.15063"
85.236.67.145 - - [11/Sep/2017:10:35:43 +0200] "GET /favicon.ico HTTP/1.1" 404 507 "-" "Mozilla/5.0 (Windows NT 10.0; Win64; x64) AppleWebKit/537.36 (KHTML, like Gecko) Chrome/52.0.2743.116 Safari/537.36 Edge/15.15063"
85.236.67.145 - - [11/Sep/2017:10:36:29 +0200] "-" 408 0 "-" "-"
54.93.172.238 - - [11/Sep/2017:10:45:04 +0200] "GET /webman/pingpong.php?action=cors HTTP/1.1" 404 464 "-" "-"
54.93.172.238 - - [11/Sep/2017:10:45:04 +0200] "GET /webman/pingpong.php?action=cors HTTP/1.1" 404 455 "-" "-"
124.6.180.142 - - [11/Sep/2017:11:12:23 +0200] "GET / HTTP/1.0" 200 440 "-" "masscan/1.0"
124.6.180.142 - - [11/Sep/2017:11:12:34 +0200] "GET / HTTP/1.0" 200 440 "-" "-"
124.6.180.142 - - [11/Sep/2017:11:12:45 +0200] "GET /index.php HTTP/1.1" 404 441 "-" "-"
124.6.180.142 - - [11/Sep/2017:11:12:46 +0200] "HEAD /manager/html HTTP/1.0" 404 158 "-" "-"
188.182.160.189 - - [11/Sep/2017:12:00:53 +0200] "GET /test/writelog.php?logtext=Obtain%20IP%20188.182.160.189 HTTP/1.1" 200 205 "-" "curl/7.35.0"
60.191.38.77 - - [11/Sep/2017:12:38:39 +0200] "GET / HTTP/1.1" 200 477 "-" "Mozilla/5.0 (Macintosh; Intel Mac OS X 10.11; rv:47.0) Gecko/20100101 Firefox/47.0"
188.182.160.189 - - [11/Sep/2017:14:00:52 +0200] "GET /test/writelog.php?logtext=Obtain%20IP%20188.182.160.189 HTTP/1.1" 200 205 "-" "curl/7.35.0"
157.55.39.154 - - [11/Sep/2017:14:04:14 +0200] "GET / HTTP/1.1" 200 502 "-" "Mozilla/5.0 (compatible; bingbot/2.0; +http://www.bing.com/bingbot.htm)"
151.70.217.45 - - [11/Sep/2017:14:59:41 +0200] "GET / HTTP/1.0" 200 440 "-" "-"
58.234.60.92 - - [11/Sep/2017:15:26:53 +0200] "GET / HTTP/1.0" 200 477 "-" "Mozilla/5.0 (compatible; MSIE 9.0; Windows NT 6.1; WOW64; Trident/5.0)"
77.241.133.151 - - [11/Sep/2017:15:43:17 +0200] "GET /klassefest/ HTTP/1.1" 200 1566 "-" "Mozilla/5.0 (iPhone; CPU iPhone OS 10_3_3 like Mac OS X) AppleWebKit/603.3.8 (KHTML, like Gecko) Version/10.0 Mobile/14G60 Safari/602.1"
77.241.133.151 - - [11/Sep/2017:15:43:18 +0200] "GET /apple-touch-icon-120x120-precomposed.png HTTP/1.1" 404 537 "-" "MobileSafari/602.1 CFNetwork/811.5.4 Darwin/16.7.0"
77.241.133.151 - - [11/Sep/2017:15:43:18 +0200] "GET /apple-touch-icon-120x120.png HTTP/1.1" 404 524 "-" "MobileSafari/602.1 CFNetwork/811.5.4 Darwin/16.7.0"
77.241.133.151 - - [11/Sep/2017:15:43:18 +0200] "GET /apple-touch-icon-precomposed.png HTTP/1.1" 404 528 "-" "MobileSafari/602.1 CFNetwork/811.5.4 Darwin/16.7.0"
77.241.133.151 - - [11/Sep/2017:15:43:19 +0200] "GET /apple-touch-icon.png HTTP/1.1" 404 516 "-" "MobileSafari/602.1 CFNetwork/811.5.4 Darwin/16.7.0"
77.241.133.151 - - [11/Sep/2017:15:43:19 +0200] "GET /favicon.ico HTTP/1.1" 404 507 "-" "MobileSafari/602.1 CFNetwork/811.5.4 Darwin/16.7.0"
77.241.133.151 - - [11/Sep/2017:15:43:19 +0200] "GET /apple-touch-icon-120x120-precomposed.png HTTP/1.1" 404 536 "-" "MobileSafari/602.1 CFNetwork/811.5.4 Darwin/16.7.0"
77.241.133.151 - - [11/Sep/2017:15:43:19 +0200] "GET /apple-touch-icon-120x120.png HTTP/1.1" 404 524 "-" "MobileSafari/602.1 CFNetwork/811.5.4 Darwin/16.7.0"
77.241.133.151 - - [11/Sep/2017:15:43:19 +0200] "GET /apple-touch-icon-precomposed.png HTTP/1.1" 404 528 "-" "MobileSafari/602.1 CFNetwork/811.5.4 Darwin/16.7.0"
77.241.133.151 - - [11/Sep/2017:15:43:20 +0200] "GET /apple-touch-icon.png HTTP/1.1" 404 516 "-" "MobileSafari/602.1 CFNetwork/811.5.4 Darwin/16.7.0"
77.241.133.151 - - [11/Sep/2017:15:43:20 +0200] "GET /favicon.ico HTTP/1.1" 404 507 "-" "MobileSafari/602.1 CFNetwork/811.5.4 Darwin/16.7.0"
188.182.160.189 - - [11/Sep/2017:16:00:52 +0200] "GET /test/writelog.php?logtext=Obtain%20IP%20188.182.160.189 HTTP/1.1" 200 205 "-" "curl/7.35.0"
62.210.209.201 - - [11/Sep/2017:17:53:50 +0200] "POST //%63%67%69%2D%62%69%6E/%70%68%70?%2D%64+%61%6C%6C%6F%77%5F%75%72%6C%5F%69%6E%63%6C%75%64%65%3D%6F%6E+%2D%64+%73%61%66%65%5F%6D%6F%64%65%3D%6F%66%66+%2D%64+%73%75%68%6F%73%69%6E%2E%73%69%6D%75%6C%61%74%69%6F%6E%3D%6F%6E+%2D%64+%64%69%73%61%62%6C%65%5F%66%75%6E%63%74%69%6F%6E%73%3D%22%22+%2D%64+%6F%70%65%6E%5F%62%61%73%65%64%69%72%3D%6E%6F%6E%65+%2D%64+%61%75%74%6F%5F%70%72%65%70%65%6E%64%5F%66%69%6C%65%3D%70%68%70%3A%2F%2F%69%6E%70%75%74+%2D%64+%63%67%69%2E%66%6F%72%63%65%5F%72%65%64%69%72%65%63%74%3D%30+%2D%64+%63%67%69%2E%72%65%64%69%72%65%63%74%5F%73%74%61%74%75%73%5F%65%6E%76%3D%30+%2D%64+%61%75%74%6F%5F%70%72%65%70%65%6E%64%5F%66%69%6C%65%3D%70%68%70%3A%2F%2F%69%6E%70%75%74+%2D%6E HTTP/1.1" 404 436 "-" "-"
188.182.160.189 - - [11/Sep/2017:18:00:52 +0200] "GET /test/writelog.php?logtext=Obtain%20IP%20188.182.160.189 HTTP/1.1" 200 205 "-" "curl/7.35.0"
201.53.66.78 - - [11/Sep/2017:19:15:38 +0200] "GET /cgi/common.cgi HTTP/1.0" 404 469 "-" "Wget(linux)"
201.53.66.78 - - [11/Sep/2017:19:15:38 +0200] "GET /stssys.htm HTTP/1.0" 404 465 "-" "Wget(linux)"
201.53.66.78 - - [11/Sep/2017:19:15:39 +0200] "GET / HTTP/1.0" 200 440 "-" "Wget(linux)"
201.53.66.78 - - [11/Sep/2017:19:15:39 +0200] "POST /command.php HTTP/1.0" 404 466 "-" "Wget(linux)"
188.182.160.189 - - [11/Sep/2017:20:00:53 +0200] "GET /test/writelog.php?logtext=Obtain%20IP%20188.182.160.189 HTTP/1.1" 200 205 "-" "curl/7.35.0"
77.241.133.151 - - [11/Sep/2017:20:13:31 +0200] "GET /klassefest/ HTTP/1.1" 200 1566 "-" "Mozilla/5.0 (iPhone; CPU iPhone OS 10_3_3 like Mac OS X) AppleWebKit/603.3.8 (KHTML, like Gecko) Version/10.0 Mobile/14G60 Safari/602.1"
77.241.133.151 - - [11/Sep/2017:20:13:31 +0200] "GET /apple-touch-icon-120x120-precomposed.png HTTP/1.1" 404 537 "-" "MobileSafari/602.1 CFNetwork/811.5.4 Darwin/16.7.0"
77.241.133.151 - - [11/Sep/2017:20:13:31 +0200] "GET /apple-touch-icon-120x120.png HTTP/1.1" 404 524 "-" "MobileSafari/602.1 CFNetwork/811.5.4 Darwin/16.7.0"
77.241.133.151 - - [11/Sep/2017:20:13:31 +0200] "GET /apple-touch-icon-precomposed.png HTTP/1.1" 404 528 "-" "MobileSafari/602.1 CFNetwork/811.5.4 Darwin/16.7.0"
77.241.133.151 - - [11/Sep/2017:20:13:31 +0200] "GET /apple-touch-icon.png HTTP/1.1" 404 516 "-" "MobileSafari/602.1 CFNetwork/811.5.4 Darwin/16.7.0"
77.241.133.151 - - [11/Sep/2017:20:13:32 +0200] "GET /favicon.ico HTTP/1.1" 404 507 "-" "MobileSafari/602.1 CFNetwork/811.5.4 Darwin/16.7.0"
77.241.133.151 - - [11/Sep/2017:20:13:32 +0200] "GET /apple-touch-icon-120x120-precomposed.png HTTP/1.1" 404 536 "-" "MobileSafari/602.1 CFNetwork/811.5.4 Darwin/16.7.0"
77.241.133.151 - - [11/Sep/2017:20:13:32 +0200] "GET /apple-touch-icon-120x120.png HTTP/1.1" 404 524 "-" "MobileSafari/602.1 CFNetwork/811.5.4 Darwin/16.7.0"
77.241.133.151 - - [11/Sep/2017:20:13:32 +0200] "GET /apple-touch-icon-precomposed.png HTTP/1.1" 404 528 "-" "MobileSafari/602.1 CFNetwork/811.5.4 Darwin/16.7.0"
77.241.133.151 - - [11/Sep/2017:20:13:32 +0200] "GET /apple-touch-icon.png HTTP/1.1" 404 516 "-" "MobileSafari/602.1 CFNetwork/811.5.4 Darwin/16.7.0"
77.241.133.151 - - [11/Sep/2017:20:13:32 +0200] "GET /favicon.ico HTTP/1.1" 404 507 "-" "MobileSafari/602.1 CFNetwork/811.5.4 Darwin/16.7.0"
24.57.155.107 - - [11/Sep/2017:20:42:15 +0200] "GET / HTTP/1.1" 200 440 "-" "Mozilla/5.0 (Windows NT 6.1; Win64; x64) AppleWebKit/537.36 (KHTML, like Gecko) Chrome/56.0.2924.87 Safari/537.36"
5.188.203.23 - - [11/Sep/2017:21:24:44 +0200] "POST /wp-admin/admin-ajax.php HTTP/1.0" 404 486 "-" "NYU internet census"
185.100.87.247 - - [11/Sep/2017:21:40:55 +0200] "GET / HTTP/1.0" 200 440 "-" "-"
185.100.87.247 - - [11/Sep/2017:21:42:13 +0200] "HEAD / HTTP/1.1" 200 269 "-" "Mozilla/5.0 (compatible; Nmap Scripting Engine; https://nmap.org/book/nse.html)"
185.100.87.247 - - [11/Sep/2017:21:42:13 +0200] "GET / HTTP/1.0" 200 440 "-" "-"
185.100.87.247 - - [11/Sep/2017:21:42:13 +0200] "GET / HTTP/1.1" 200 421 "-" "-"
188.182.160.189 - - [11/Sep/2017:22:00:52 +0200] "GET /test/writelog.php?logtext=Obtain%20IP%20188.182.160.189 HTTP/1.1" 200 205 "-" "curl/7.35.0"
94.102.51.231 - - [11/Sep/2017:22:34:03 +0200] "GET /muieblackcat HTTP/1.1" 404 467 "-" "-"
94.102.51.231 - - [11/Sep/2017:22:34:03 +0200] "GET //phpMyAdmin/scripts/setup.php HTTP/1.1" 404 483 "-" "-"
94.102.51.231 - - [11/Sep/2017:22:34:03 +0200] "GET //phpmyadmin/scripts/setup.php HTTP/1.1" 404 483 "-" "-"
94.102.51.231 - - [11/Sep/2017:22:34:03 +0200] "GET //pma/scripts/setup.php HTTP/1.1" 404 476 "-" "-"
94.102.51.231 - - [11/Sep/2017:22:34:03 +0200] "GET //myadmin/scripts/setup.php HTTP/1.1" 404 480 "-" "-"
94.102.51.231 - - [11/Sep/2017:22:34:03 +0200] "GET //MyAdmin/scripts/setup.php HTTP/1.1" 404 480 "-" "-"
77.241.133.151 - - [11/Sep/2017:22:35:13 +0200] "GET /klassefest/ HTTP/1.1" 200 1566 "-" "Mozilla/5.0 (iPhone; CPU iPhone OS 10_3_3 like Mac OS X) AppleWebKit/603.3.8 (KHTML, like Gecko) Version/10.0 Mobile/14G60 Safari/602.1"
77.241.133.151 - - [11/Sep/2017:22:35:13 +0200] "GET /apple-touch-icon-120x120-precomposed.png HTTP/1.1" 404 537 "-" "MobileSafari/602.1 CFNetwork/811.5.4 Darwin/16.7.0"
77.241.133.151 - - [11/Sep/2017:22:35:13 +0200] "GET /apple-touch-icon-120x120.png HTTP/1.1" 404 524 "-" "MobileSafari/602.1 CFNetwork/811.5.4 Darwin/16.7.0"
77.241.133.151 - - [11/Sep/2017:22:35:13 +0200] "GET /apple-touch-icon-precomposed.png HTTP/1.1" 404 528 "-" "MobileSafari/602.1 CFNetwork/811.5.4 Darwin/16.7.0"
77.241.133.151 - - [11/Sep/2017:22:35:14 +0200] "GET /apple-touch-icon.png HTTP/1.1" 404 516 "-" "MobileSafari/602.1 CFNetwork/811.5.4 Darwin/16.7.0"
77.241.133.151 - - [11/Sep/2017:22:35:14 +0200] "GET /favicon.ico HTTP/1.1" 404 507 "-" "MobileSafari/602.1 CFNetwork/811.5.4 Darwin/16.7.0"
77.241.133.151 - - [11/Sep/2017:22:35:14 +0200] "GET /apple-touch-icon-120x120-precomposed.png HTTP/1.1" 404 536 "-" "MobileSafari/602.1 CFNetwork/811.5.4 Darwin/16.7.0"
77.241.133.151 - - [11/Sep/2017:22:35:14 +0200] "GET /apple-touch-icon-120x120.png HTTP/1.1" 404 524 "-" "MobileSafari/602.1 CFNetwork/811.5.4 Darwin/16.7.0"
77.241.133.151 - - [11/Sep/2017:22:35:14 +0200] "GET /apple-touch-icon-precomposed.png HTTP/1.1" 404 528 "-" "MobileSafari/602.1 CFNetwork/811.5.4 Darwin/16.7.0"
77.241.133.151 - - [11/Sep/2017:22:35:14 +0200] "GET /apple-touch-icon.png HTTP/1.1" 404 516 "-" "MobileSafari/602.1 CFNetwork/811.5.4 Darwin/16.7.0"
77.241.133.151 - - [11/Sep/2017:22:35:15 +0200] "GET /favicon.ico HTTP/1.1" 404 507 "-" "MobileSafari/602.1 CFNetwork/811.5.4 Darwin/16.7.0"
188.182.160.189 - - [12/Sep/2017:00:00:53 +0200] "GET /test/writelog.php?logtext=Obtain%20IP%20188.182.160.189 HTTP/1.1" 200 205 "-" "curl/7.35.0"
157.55.39.8 - - [12/Sep/2017:01:55:29 +0200] "GET /robots.txt HTTP/1.1" 200 319 "-" "Mozilla/5.0 (compatible; bingbot/2.0; +http://www.bing.com/bingbot.htm)"
40.77.167.27 - - [12/Sep/2017:01:57:32 +0200] "GET / HTTP/1.1" 200 502 "-" "Mozilla/5.0 (compatible; bingbot/2.0; +http://www.bing.com/bingbot.htm)"
188.182.160.189 - - [12/Sep/2017:02:00:52 +0200] "GET /test/writelog.php?logtext=Obtain%20IP%20188.182.160.189 HTTP/1.1" 200 205 "-" "curl/7.35.0"
202.46.57.204 - - [12/Sep/2017:02:55:22 +0200] "GET / HTTP/1.1" 200 465 "-" "Mozilla/5.0 (Windows NT 10.0; WOW64) AppleWebKit/537.36 (KHTML, like Gecko) Chrome/45.0.2454.93 Safari/537.36"
188.182.160.189 - - [12/Sep/2017:04:00:53 +0200] "GET /test/writelog.php?logtext=Obtain%20IP%20188.182.160.189 HTTP/1.1" 200 205 "-" "curl/7.35.0"
155.94.88.58 - - [12/Sep/2017:04:58:57 +0200] "GET / HTTP/1.0" 200 440 "-" "sysscan/1.0 (https://github.com/robertdavidgraham/sysscan)"
188.182.160.189 - - [12/Sep/2017:06:00:53 +0200] "GET /test/writelog.php?logtext=Obtain%20IP%20188.182.160.189 HTTP/1.1" 200 205 "-" "curl/7.35.0"
109.173.100.160 - - [12/Sep/2017:06:06:55 +0200] "GET / HTTP/1.1" 200 440 "-" "Wget/1.15 (linux-gnu)"
5.39.85.81 - - [12/Sep/2017:07:26:41 +0200] "GET /robots.txt HTTP/1.0" 200 282 "-" ""
5.39.85.81 - - [12/Sep/2017:07:26:41 +0200] "GET / HTTP/1.1" 206 466 "-" "Mozilla/5.0 (X11; Linux x86_64) AppleWebKit/534.24 (KHTML, like Gecko) Chrome/11.0.696.3 Safari/534.24"
188.182.160.189 - - [12/Sep/2017:08:00:53 +0200] "GET /test/writelog.php?logtext=Obtain%20IP%20188.182.160.189 HTTP/1.1" 200 205 "-" "curl/7.35.0"
54.89.65.150 - - [12/Sep/2017:09:33:37 +0200] "GET / HTTP/1.1" 200 502 "-" "Mozilla/5.0 (Windows NT 6.2;en-US) AppleWebKit/537.36 (KHTML, live Gecko) Chrome/40.0.2186.77 Safari/537"
188.182.160.189 - - [12/Sep/2017:10:00:53 +0200] "GET /test/writelog.php?logtext=Obtain%20IP%20188.182.160.189 HTTP/1.1" 200 205 "-" "curl/7.35.0"
188.182.160.189 - - [12/Sep/2017:12:00:53 +0200] "GET /test/writelog.php?logtext=Obtain%20IP%20188.182.160.189 HTTP/1.1" 200 205 "-" "curl/7.35.0"
66.249.64.199 - - [12/Sep/2017:12:09:29 +0200] "GET /robots.txt HTTP/1.1" 200 319 "-" "Mozilla/5.0 (compatible; Googlebot/2.1; +http://www.google.com/bot.html)"
66.249.64.201 - - [12/Sep/2017:12:09:29 +0200] "GET / HTTP/1.1" 200 502 "-" "Mozilla/5.0 (Linux; Android 6.0.1; Nexus 5X Build/MMB29P) AppleWebKit/537.36 (KHTML, like Gecko) Chrome/41.0.2272.96 Mobile Safari/537.36 (compatible; Googlebot/2.1; +http://www.google.com/bot.html)"
46.229.164.101 - - [12/Sep/2017:12:56:29 +0200] "GET /robots.txt HTTP/1.1" 200 282 "-" "Mozilla/5.0 (compatible; SemrushBot/1.2~bl; +http://www.semrush.com/bot.html)"
188.182.160.189 - - [12/Sep/2017:14:00:53 +0200] "GET /test/writelog.php?logtext=Obtain%20IP%20188.182.160.189 HTTP/1.1" 200 205 "-" "curl/7.35.0"
112.133.220.188 - - [12/Sep/2017:14:30:49 +0200] "GET /w00tw00t.at.blackhats.romanian.anti-sec:) HTTP/1.1" 404 496 "-" "ZmEu"
112.133.220.188 - - [12/Sep/2017:14:30:49 +0200] "GET /phpMyAdmin/scripts/setup.php HTTP/1.1" 404 483 "-" "ZmEu"
112.133.220.188 - - [12/Sep/2017:14:30:50 +0200] "GET HTTP/1.1" 400 0 "-" "-"
66.249.64.201 - - [12/Sep/2017:15:07:52 +0200] "GET / HTTP/1.1" 200 502 "-" "Mozilla/5.0 (compatible; Googlebot/2.1; +http://www.google.com/bot.html)"
188.182.160.189 - - [12/Sep/2017:16:00:53 +0200] "GET /test/writelog.php?logtext=Obtain%20IP%20188.182.160.189 HTTP/1.1" 200 205 "-" "curl/7.35.0"
149.202.175.8 - - [12/Sep/2017:17:02:54 +0200] "GET /oneshotimage1?COUNTER HTTP/1.1" 404 468 "-" "Mozilla/5.0 (Windows NT 6.1) AppleWebKit/537.36 (KHTML, like Gecko) Chrome/41.0.2228.0 Safari/537.36"
66.249.64.197 - - [12/Sep/2017:17:35:15 +0200] "GET / HTTP/1.1" 200 502 "-" "Mozilla/5.0 (Linux; Android 6.0.1; Nexus 5X Build/MMB29P) AppleWebKit/537.36 (KHTML, like Gecko) Chrome/41.0.2272.96 Mobile Safari/537.36 (compatible; Googlebot/2.1; +http://www.google.com/bot.html)"
188.182.160.189 - - [12/Sep/2017:18:00:53 +0200] "GET /test/writelog.php?logtext=Obtain%20IP%20188.182.160.189 HTTP/1.1" 200 205 "-" "curl/7.35.0"
66.240.205.34 - - [12/Sep/2017:18:49:02 +0200] "Gh0st\xad" 400 0 "-" "-"
195.62.53.168 - - [12/Sep/2017:19:23:58 +0200] "GET /ntpd HTTP/1.0" 404 467 "-" "Mozilla/5.0 (Windows NT 6.1; Win64; x64; rv:30.N) Gecko/20110302 Firefox/30.0"
220.181.159.77 - - [12/Sep/2017:19:32:43 +0200] "\x16\x03\x01" 400 0 "-" "-"
220.181.159.77 - - [12/Sep/2017:19:32:43 +0200] "GET / HTTP/1.1" 200 421 "-" "-"
188.182.160.189 - - [12/Sep/2017:20:00:53 +0200] "GET /test/writelog.php?logtext=Obtain%20IP%20188.182.160.189 HTTP/1.1" 200 205 "-" "curl/7.35.0"
66.249.64.197 - - [12/Sep/2017:20:07:02 +0200] "GET / HTTP/1.1" 200 502 "-" "Mozilla/5.0 (Linux; Android 6.0.1; Nexus 5X Build/MMB29P) AppleWebKit/537.36 (KHTML, like Gecko) Chrome/41.0.2272.96 Mobile Safari/537.36 (compatible; Googlebot/2.1; +http://www.google.com/bot.html)"
212.27.16.156 - - [12/Sep/2017:21:28:41 +0200] "GET /klassefest/ HTTP/1.1" 200 1566 "-" "Mozilla/5.0 (iPhone; CPU iPhone OS 10_3_3 like Mac OS X) AppleWebKit/603.3.8 (KHTML, like Gecko) Version/10.0 Mobile/14G60 Safari/602.1"
212.27.16.156 - - [12/Sep/2017:21:28:42 +0200] "GET /apple-touch-icon-120x120-precomposed.png HTTP/1.1" 404 537 "-" "MobileSafari/602.1 CFNetwork/811.5.4 Darwin/16.7.0"
212.27.16.156 - - [12/Sep/2017:21:28:42 +0200] "GET /apple-touch-icon-120x120.png HTTP/1.1" 404 524 "-" "MobileSafari/602.1 CFNetwork/811.5.4 Darwin/16.7.0"
212.27.16.156 - - [12/Sep/2017:21:28:42 +0200] "GET /apple-touch-icon-precomposed.png HTTP/1.1" 404 528 "-" "MobileSafari/602.1 CFNetwork/811.5.4 Darwin/16.7.0"
212.27.16.156 - - [12/Sep/2017:21:28:43 +0200] "GET /apple-touch-icon.png HTTP/1.1" 404 516 "-" "MobileSafari/602.1 CFNetwork/811.5.4 Darwin/16.7.0"
212.27.16.156 - - [12/Sep/2017:21:28:43 +0200] "GET /favicon.ico HTTP/1.1" 404 507 "-" "MobileSafari/602.1 CFNetwork/811.5.4 Darwin/16.7.0"
212.27.16.156 - - [12/Sep/2017:21:28:43 +0200] "GET /apple-touch-icon-120x120-precomposed.png HTTP/1.1" 404 536 "-" "MobileSafari/602.1 CFNetwork/811.5.4 Darwin/16.7.0"
212.27.16.156 - - [12/Sep/2017:21:28:43 +0200] "GET /apple-touch-icon-120x120.png HTTP/1.1" 404 524 "-" "MobileSafari/602.1 CFNetwork/811.5.4 Darwin/16.7.0"
212.27.16.156 - - [12/Sep/2017:21:28:44 +0200] "GET /apple-touch-icon-precomposed.png HTTP/1.1" 404 528 "-" "MobileSafari/602.1 CFNetwork/811.5.4 Darwin/16.7.0"
212.27.16.156 - - [12/Sep/2017:21:28:44 +0200] "GET /apple-touch-icon.png HTTP/1.1" 404 516 "-" "MobileSafari/602.1 CFNetwork/811.5.4 Darwin/16.7.0"
212.27.16.156 - - [12/Sep/2017:21:28:44 +0200] "GET /favicon.ico HTTP/1.1" 404 507 "-" "MobileSafari/602.1 CFNetwork/811.5.4 Darwin/16.7.0"
188.182.160.189 - - [12/Sep/2017:22:00:53 +0200] "GET /test/writelog.php?logtext=Obtain%20IP%20188.182.160.189 HTTP/1.1" 200 205 "-" "curl/7.35.0"
77.241.131.22 - - [12/Sep/2017:22:48:27 +0200] "GET /klassefest/ HTTP/1.1" 200 1566 "-" "Mozilla/5.0 (iPhone; CPU iPhone OS 10_3_3 like Mac OS X) AppleWebKit/603.3.8 (KHTML, like Gecko) Version/10.0 Mobile/14G60 Safari/602.1"
77.241.131.22 - - [12/Sep/2017:22:48:27 +0200] "GET /apple-touch-icon-120x120-precomposed.png HTTP/1.1" 404 537 "-" "MobileSafari/602.1 CFNetwork/811.5.4 Darwin/16.7.0"
77.241.131.22 - - [12/Sep/2017:22:48:27 +0200] "GET /apple-touch-icon-120x120.png HTTP/1.1" 404 524 "-" "MobileSafari/602.1 CFNetwork/811.5.4 Darwin/16.7.0"
77.241.131.22 - - [12/Sep/2017:22:48:27 +0200] "GET /apple-touch-icon-precomposed.png HTTP/1.1" 404 528 "-" "MobileSafari/602.1 CFNetwork/811.5.4 Darwin/16.7.0"
77.241.131.22 - - [12/Sep/2017:22:48:27 +0200] "GET /apple-touch-icon.png HTTP/1.1" 404 516 "-" "MobileSafari/602.1 CFNetwork/811.5.4 Darwin/16.7.0"
77.241.131.22 - - [12/Sep/2017:22:48:28 +0200] "GET /favicon.ico HTTP/1.1" 404 507 "-" "MobileSafari/602.1 CFNetwork/811.5.4 Darwin/16.7.0"
77.241.131.22 - - [12/Sep/2017:22:48:28 +0200] "GET /apple-touch-icon-120x120-precomposed.png HTTP/1.1" 404 536 "-" "MobileSafari/602.1 CFNetwork/811.5.4 Darwin/16.7.0"
77.241.131.22 - - [12/Sep/2017:22:48:28 +0200] "GET /apple-touch-icon-120x120.png HTTP/1.1" 404 524 "-" "MobileSafari/602.1 CFNetwork/811.5.4 Darwin/16.7.0"
77.241.131.22 - - [12/Sep/2017:22:48:28 +0200] "GET /apple-touch-icon-precomposed.png HTTP/1.1" 404 528 "-" "MobileSafari/602.1 CFNetwork/811.5.4 Darwin/16.7.0"
77.241.131.22 - - [12/Sep/2017:22:48:28 +0200] "GET /apple-touch-icon.png HTTP/1.1" 404 516 "-" "MobileSafari/602.1 CFNetwork/811.5.4 Darwin/16.7.0"
77.241.131.22 - - [12/Sep/2017:22:48:28 +0200] "GET /favicon.ico HTTP/1.1" 404 507 "-" "MobileSafari/602.1 CFNetwork/811.5.4 Darwin/16.7.0"
66.249.64.197 - - [13/Sep/2017:00:00:49 +0200] "GET / HTTP/1.1" 200 502 "-" "Mozilla/5.0 (compatible; Googlebot/2.1; +http://www.google.com/bot.html)"
188.182.160.189 - - [13/Sep/2017:00:00:53 +0200] "GET /test/writelog.php?logtext=Obtain%20IP%20188.182.160.189 HTTP/1.1" 200 205 "-" "curl/7.35.0"
68.180.229.225 - - [13/Sep/2017:00:34:57 +0200] "GET /robots.txt HTTP/1.1" 200 263 "-" "Mozilla/5.0 (compatible; Yahoo! Slurp; http://help.yahoo.com/help/us/ysearch/slurp)"
68.180.229.225 - - [13/Sep/2017:00:34:58 +0200] "GET /appldeploy/AxDynServices/AxDynServices.application HTTP/1.1" 200 5820 "-" "Mozilla/5.0 (compatible; Yahoo! Slurp; http://help.yahoo.com/help/us/ysearch/slurp)"
2.93.180.135 - - [13/Sep/2017:00:39:16 +0200] "GET /eqdkp/plugins/charmanager/ HTTP/1.0" 404 486 "http://plati-wmcentre.ru" "Mozilla/5.0 (Windows NT 10.0; Win64; x64; rv:53.0) Gecko/20100101 Firefox/53.0"
66.249.64.201 - - [13/Sep/2017:01:01:42 +0200] "GET / HTTP/1.1" 200 502 "-" "Mozilla/5.0 (Linux; Android 6.0.1; Nexus 5X Build/MMB29P) AppleWebKit/537.36 (KHTML, like Gecko) Chrome/41.0.2272.96 Mobile Safari/537.36 (compatible; Googlebot/2.1; +http://www.google.com/bot.html)"
95.175.67.80 - - [13/Sep/2017:01:15:10 +0200] "GET / HTTP/1.0" 200 477 "-" "Mozilla/5.0 (compatible; MSIE 9.0; Windows NT 6.1; WOW64; Trident/5.0)"
188.182.160.189 - - [13/Sep/2017:02:00:53 +0200] "GET /test/writelog.php?logtext=Obtain%20IP%20188.182.160.189 HTTP/1.1" 200 205 "-" "curl/7.35.0"
94.23.210.41 - - [13/Sep/2017:02:37:12 +0200] "GET /w00tw00t.at.blackhats.romanian.anti-sec:) HTTP/1.1" 404 496 "-" "ZmEu"
94.23.210.41 - - [13/Sep/2017:02:37:19 +0200] "GET HTTP/1.1" 400 0 "-" "-"
172.104.108.109 - - [13/Sep/2017:03:12:31 +0200] "GET / HTTP/1.1" 200 465 "-" "Mozilla/5.0"
202.46.58.186 - - [13/Sep/2017:03:55:21 +0200] "GET / HTTP/1.1" 200 465 "-" "Mozilla/5.0 (Windows NT 10.0; WOW64) AppleWebKit/537.36 (KHTML, like Gecko) Chrome/45.0.2454.93 Safari/537.36"
188.182.160.189 - - [13/Sep/2017:04:00:53 +0200] "GET /test/writelog.php?logtext=Obtain%20IP%20188.182.160.189 HTTP/1.1" 200 205 "-" "curl/7.35.0"
157.55.39.153 - - [13/Sep/2017:04:10:13 +0200] "GET / HTTP/1.1" 200 502 "-" "Mozilla/5.0 (compatible; bingbot/2.0; +http://www.bing.com/bingbot.htm)"
141.212.122.64 - - [13/Sep/2017:05:05:12 +0200] "GET / HTTP/1.1" 200 446 "-" "Mozilla/5.0 zgrab/0.x"
66.249.64.201 - - [13/Sep/2017:05:52:30 +0200] "GET / HTTP/1.1" 200 502 "-" "Mozilla/5.0 (compatible; Googlebot/2.1; +http://www.google.com/bot.html)"
188.182.160.189 - - [13/Sep/2017:06:00:53 +0200] "GET /test/writelog.php?logtext=Obtain%20IP%20188.182.160.189 HTTP/1.1" 200 205 "-" "curl/7.35.0"
66.249.64.199 - - [13/Sep/2017:07:08:29 +0200] "GET / HTTP/1.1" 200 502 "-" "Mozilla/5.0 (Linux; Android 6.0.1; Nexus 5X Build/MMB29P) AppleWebKit/537.36 (KHTML, like Gecko) Chrome/41.0.2272.96 Mobile Safari/537.36 (compatible; Googlebot/2.1; +http://www.google.com/bot.html)"
188.182.160.189 - - [13/Sep/2017:08:00:54 +0200] "GET /test/writelog.php?logtext=Obtain%20IP%20188.182.160.189 HTTP/1.1" 200 205 "-" "curl/7.35.0"
27.121.85.202 - - [13/Sep/2017:08:37:12 +0200] "GET / HTTP/1.0" 200 440 "-" "-"
155.94.88.58 - - [13/Sep/2017:08:37:17 +0200] "GET / HTTP/1.0" 200 440 "-" "sysscan/1.0 (https://github.com/robertdavidgraham/sysscan)"
66.249.64.197 - - [13/Sep/2017:08:45:39 +0200] "GET / HTTP/1.1" 200 502 "-" "Mozilla/5.0 (Linux; Android 6.0.1; Nexus 5X Build/MMB29P) AppleWebKit/537.36 (KHTML, like Gecko) Chrome/41.0.2272.96 Mobile Safari/537.36 (compatible; Googlebot/2.1; +http://www.google.com/bot.html)"
188.182.160.189 - - [13/Sep/2017:10:00:54 +0200] "GET /test/writelog.php?logtext=Obtain%20IP%20188.182.160.189 HTTP/1.1" 200 205 "-" "curl/7.35.0"
66.249.64.199 - - [13/Sep/2017:10:06:33 +0200] "GET / HTTP/1.1" 200 502 "-" "Mozilla/5.0 (compatible; Googlebot/2.1; +http://www.google.com/bot.html)"
155.94.88.58 - - [13/Sep/2017:11:15:05 +0200] "GET / HTTP/1.0" 200 440 "-" "sysscan/1.0 (https://github.com/robertdavidgraham/sysscan)"
178.73.215.171 - - [13/Sep/2017:11:29:27 +0200] "GET / HTTP/1.1" 400 0 "-" "-"
188.182.160.189 - - [13/Sep/2017:12:00:54 +0200] "GET /test/writelog.php?logtext=Obtain%20IP%20188.182.160.189 HTTP/1.1" 200 205 "-" "curl/7.35.0"
77.241.131.22 - - [13/Sep/2017:12:15:51 +0200] "GET /klassefest/ HTTP/1.1" 200 1566 "-" "Mozilla/5.0 (iPhone; CPU iPhone OS 10_3_3 like Mac OS X) AppleWebKit/603.3.8 (KHTML, like Gecko) Version/10.0 Mobile/14G60 Safari/602.1"
77.241.131.22 - - [13/Sep/2017:12:15:53 +0200] "GET /apple-touch-icon-120x120-precomposed.png HTTP/1.1" 404 537 "-" "MobileSafari/602.1 CFNetwork/811.5.4 Darwin/16.7.0"
77.241.131.22 - - [13/Sep/2017:12:15:53 +0200] "GET /apple-touch-icon-120x120.png HTTP/1.1" 404 524 "-" "MobileSafari/602.1 CFNetwork/811.5.4 Darwin/16.7.0"
77.241.131.22 - - [13/Sep/2017:12:15:54 +0200] "GET /apple-touch-icon-precomposed.png HTTP/1.1" 404 528 "-" "MobileSafari/602.1 CFNetwork/811.5.4 Darwin/16.7.0"
77.241.131.22 - - [13/Sep/2017:12:15:54 +0200] "GET /apple-touch-icon.png HTTP/1.1" 404 516 "-" "MobileSafari/602.1 CFNetwork/811.5.4 Darwin/16.7.0"
77.241.131.22 - - [13/Sep/2017:12:15:54 +0200] "GET /favicon.ico HTTP/1.1" 404 507 "-" "MobileSafari/602.1 CFNetwork/811.5.4 Darwin/16.7.0"
77.241.131.22 - - [13/Sep/2017:12:15:54 +0200] "GET /apple-touch-icon-120x120-precomposed.png HTTP/1.1" 404 536 "-" "MobileSafari/602.1 CFNetwork/811.5.4 Darwin/16.7.0"
77.241.131.22 - - [13/Sep/2017:12:15:54 +0200] "GET /apple-touch-icon-120x120.png HTTP/1.1" 404 524 "-" "MobileSafari/602.1 CFNetwork/811.5.4 Darwin/16.7.0"
77.241.131.22 - - [13/Sep/2017:12:15:55 +0200] "GET /apple-touch-icon-precomposed.png HTTP/1.1" 404 528 "-" "MobileSafari/602.1 CFNetwork/811.5.4 Darwin/16.7.0"
77.241.131.22 - - [13/Sep/2017:12:15:55 +0200] "GET /apple-touch-icon.png HTTP/1.1" 404 516 "-" "MobileSafari/602.1 CFNetwork/811.5.4 Darwin/16.7.0"
77.241.131.22 - - [13/Sep/2017:12:15:55 +0200] "GET /favicon.ico HTTP/1.1" 404 507 "-" "MobileSafari/602.1 CFNetwork/811.5.4 Darwin/16.7.0"
188.182.160.189 - - [13/Sep/2017:14:00:53 +0200] "GET /test/writelog.php?logtext=Obtain%20IP%20188.182.160.189 HTTP/1.1" 200 205 "-" "curl/7.35.0"
77.241.131.22 - - [13/Sep/2017:15:08:44 +0200] "GET /klassefest/ HTTP/1.1" 200 1566 "-" "Mozilla/5.0 (iPhone; CPU iPhone OS 10_3_3 like Mac OS X) AppleWebKit/603.3.8 (KHTML, like Gecko) Version/10.0 Mobile/14G60 Safari/602.1"
77.241.131.22 - - [13/Sep/2017:15:09:04 +0200] "GET /apple-touch-icon-120x120-precomposed.png HTTP/1.1" 404 537 "-" "MobileSafari/602.1 CFNetwork/811.5.4 Darwin/16.7.0"
77.241.131.22 - - [13/Sep/2017:15:09:15 +0200] "GET /apple-touch-icon-120x120.png HTTP/1.1" 404 525 "-" "MobileSafari/602.1 CFNetwork/811.5.4 Darwin/16.7.0"
77.241.131.22 - - [13/Sep/2017:15:09:15 +0200] "GET /apple-touch-icon-precomposed.png HTTP/1.1" 404 528 "-" "MobileSafari/602.1 CFNetwork/811.5.4 Darwin/16.7.0"
77.241.131.22 - - [13/Sep/2017:15:09:15 +0200] "GET /apple-touch-icon.png HTTP/1.1" 404 516 "-" "MobileSafari/602.1 CFNetwork/811.5.4 Darwin/16.7.0"
77.241.131.22 - - [13/Sep/2017:15:09:15 +0200] "GET /favicon.ico HTTP/1.1" 404 507 "-" "MobileSafari/602.1 CFNetwork/811.5.4 Darwin/16.7.0"
77.241.131.22 - - [13/Sep/2017:15:09:15 +0200] "GET /apple-touch-icon-120x120-precomposed.png HTTP/1.1" 404 536 "-" "MobileSafari/602.1 CFNetwork/811.5.4 Darwin/16.7.0"
77.241.131.22 - - [13/Sep/2017:15:09:16 +0200] "GET /apple-touch-icon-120x120.png HTTP/1.1" 404 524 "-" "MobileSafari/602.1 CFNetwork/811.5.4 Darwin/16.7.0"
77.241.131.22 - - [13/Sep/2017:15:09:16 +0200] "GET /apple-touch-icon-precomposed.png HTTP/1.1" 404 528 "-" "MobileSafari/602.1 CFNetwork/811.5.4 Darwin/16.7.0"
77.241.131.22 - - [13/Sep/2017:15:09:16 +0200] "GET /apple-touch-icon.png HTTP/1.1" 404 516 "-" "MobileSafari/602.1 CFNetwork/811.5.4 Darwin/16.7.0"
77.241.131.22 - - [13/Sep/2017:15:09:16 +0200] "GET /favicon.ico HTTP/1.1" 404 507 "-" "MobileSafari/602.1 CFNetwork/811.5.4 Darwin/16.7.0"
188.182.160.189 - - [13/Sep/2017:16:00:54 +0200] "GET /test/writelog.php?logtext=Obtain%20IP%20188.182.160.189 HTTP/1.1" 200 205 "-" "curl/7.35.0"
139.162.114.70 - - [13/Sep/2017:16:29:08 +0200] "GET / HTTP/1.1" 200 440 "-" "Mozilla/5.0 (Windows NT 10.0; WOW64) AppleWebKit/537.36 (KHTML, like Gecko) Chrome/50.0.2661.102 Safari/537.36"
212.27.16.165 - - [13/Sep/2017:16:41:41 +0200] "GET /klassefest/ HTTP/1.1" 200 1566 "-" "Mozilla/5.0 (iPhone; CPU iPhone OS 10_3_3 like Mac OS X) AppleWebKit/603.3.8 (KHTML, like Gecko) Version/10.0 Mobile/14G60 Safari/602.1"
212.27.16.165 - - [13/Sep/2017:16:41:41 +0200] "GET /apple-touch-icon-120x120-precomposed.png HTTP/1.1" 404 537 "-" "MobileSafari/602.1 CFNetwork/811.5.4 Darwin/16.7.0"
212.27.16.165 - - [13/Sep/2017:16:41:41 +0200] "GET /apple-touch-icon-120x120.png HTTP/1.1" 404 524 "-" "MobileSafari/602.1 CFNetwork/811.5.4 Darwin/16.7.0"
212.27.16.165 - - [13/Sep/2017:16:41:41 +0200] "GET /apple-touch-icon-precomposed.png HTTP/1.1" 404 528 "-" "MobileSafari/602.1 CFNetwork/811.5.4 Darwin/16.7.0"
212.27.16.165 - - [13/Sep/2017:16:41:41 +0200] "GET /apple-touch-icon.png HTTP/1.1" 404 516 "-" "MobileSafari/602.1 CFNetwork/811.5.4 Darwin/16.7.0"
212.27.16.165 - - [13/Sep/2017:16:41:41 +0200] "GET /favicon.ico HTTP/1.1" 404 507 "-" "MobileSafari/602.1 CFNetwork/811.5.4 Darwin/16.7.0"
212.27.16.165 - - [13/Sep/2017:16:41:41 +0200] "GET /apple-touch-icon-120x120-precomposed.png HTTP/1.1" 404 536 "-" "MobileSafari/602.1 CFNetwork/811.5.4 Darwin/16.7.0"
212.27.16.165 - - [13/Sep/2017:16:41:41 +0200] "GET /apple-touch-icon-120x120.png HTTP/1.1" 404 524 "-" "MobileSafari/602.1 CFNetwork/811.5.4 Darwin/16.7.0"
212.27.16.165 - - [13/Sep/2017:16:41:41 +0200] "GET /apple-touch-icon-precomposed.png HTTP/1.1" 404 528 "-" "MobileSafari/602.1 CFNetwork/811.5.4 Darwin/16.7.0"
212.27.16.165 - - [13/Sep/2017:16:41:41 +0200] "GET /apple-touch-icon.png HTTP/1.1" 404 516 "-" "MobileSafari/602.1 CFNetwork/811.5.4 Darwin/16.7.0"
212.27.16.165 - - [13/Sep/2017:16:41:41 +0200] "GET /favicon.ico HTTP/1.1" 404 507 "-" "MobileSafari/602.1 CFNetwork/811.5.4 Darwin/16.7.0"
157.55.39.153 - - [13/Sep/2017:17:14:59 +0200] "GET / HTTP/1.1" 200 502 "-" "Mozilla/5.0 (compatible; bingbot/2.0; +http://www.bing.com/bingbot.htm)"
213.180.203.18 - - [13/Sep/2017:17:49:33 +0200] "GET /robots.txt HTTP/1.1" 200 319 "-" "Mozilla/5.0 (compatible; YandexBot/3.0; +http://yandex.com/bots)"
213.180.203.18 - - [13/Sep/2017:17:49:37 +0200] "GET /wow/ata/bis_logo_silver_smal.jpg HTTP/1.1" 404 528 "-" "Mozilla/5.0 (compatible; YandexImages/3.0; +http://yandex.com/bots)"
188.182.160.189 - - [13/Sep/2017:18:00:50 +0200] "GET /test/writelog.php?logtext=Obtain%20IP%20188.182.160.189 HTTP/1.1" 200 205 "-" "curl/7.35.0"
177.142.93.244 - - [13/Sep/2017:18:22:23 +0200] "GET /hndUnblock.cgi HTTP/1.0" 404 469 "-" "Wget(linux)"
177.142.93.244 - - [13/Sep/2017:18:22:24 +0200] "GET /tmUnblock.cgi HTTP/1.0" 404 468 "-" "Wget(linux)"
177.142.93.244 - - [13/Sep/2017:18:22:24 +0200] "GET /moo HTTP/1.0" 404 458 "-" "Wget(linux)"
177.142.93.244 - - [13/Sep/2017:18:22:25 +0200] "GET / HTTP/1.0" 200 440 "-" "Wget(linux)"
139.59.148.199 - - [13/Sep/2017:19:42:07 +0200] "GET /sftp-config.json HTTP/1.1" 404 452 "-" "-"
188.182.160.189 - - [13/Sep/2017:20:00:51 +0200] "GET /test/writelog.php?logtext=Obtain%20IP%20188.182.160.189 HTTP/1.1" 200 205 "-" "curl/7.35.0"
188.182.160.189 - - [13/Sep/2017:22:00:52 +0200] "GET /test/writelog.php?logtext=Obtain%20IP%20188.182.160.189 HTTP/1.1" 200 205 "-" "curl/7.35.0"
61.216.14.177 - - [13/Sep/2017:22:02:48 +0200] "POST /404 HTTP/1.1" 404 489 "-" "apache"
77.241.130.214 - - [13/Sep/2017:22:14:55 +0200] "GET /klassefest/ HTTP/1.1" 200 1566 "-" "Mozilla/5.0 (iPhone; CPU iPhone OS 10_3_3 like Mac OS X) AppleWebKit/603.3.8 (KHTML, like Gecko) Version/10.0 Mobile/14G60 Safari/602.1"
77.241.130.214 - - [13/Sep/2017:22:14:56 +0200] "GET /apple-touch-icon-120x120-precomposed.png HTTP/1.1" 404 537 "-" "MobileSafari/602.1 CFNetwork/811.5.4 Darwin/16.7.0"
77.241.130.214 - - [13/Sep/2017:22:14:56 +0200] "GET /apple-touch-icon-120x120.png HTTP/1.1" 404 524 "-" "MobileSafari/602.1 CFNetwork/811.5.4 Darwin/16.7.0"
77.241.130.214 - - [13/Sep/2017:22:14:56 +0200] "GET /apple-touch-icon-precomposed.png HTTP/1.1" 404 528 "-" "MobileSafari/602.1 CFNetwork/811.5.4 Darwin/16.7.0"
77.241.130.214 - - [13/Sep/2017:22:14:56 +0200] "GET /apple-touch-icon.png HTTP/1.1" 404 516 "-" "MobileSafari/602.1 CFNetwork/811.5.4 Darwin/16.7.0"
77.241.130.214 - - [13/Sep/2017:22:14:57 +0200] "GET /favicon.ico HTTP/1.1" 404 507 "-" "MobileSafari/602.1 CFNetwork/811.5.4 Darwin/16.7.0"
77.241.130.214 - - [13/Sep/2017:22:14:57 +0200] "GET /apple-touch-icon-120x120-precomposed.png HTTP/1.1" 404 536 "-" "MobileSafari/602.1 CFNetwork/811.5.4 Darwin/16.7.0"
77.241.130.214 - - [13/Sep/2017:22:14:57 +0200] "GET /apple-touch-icon-120x120.png HTTP/1.1" 404 524 "-" "MobileSafari/602.1 CFNetwork/811.5.4 Darwin/16.7.0"
77.241.130.214 - - [13/Sep/2017:22:14:57 +0200] "GET /apple-touch-icon-precomposed.png HTTP/1.1" 404 528 "-" "MobileSafari/602.1 CFNetwork/811.5.4 Darwin/16.7.0"
77.241.130.214 - - [13/Sep/2017:22:14:57 +0200] "GET /apple-touch-icon.png HTTP/1.1" 404 516 "-" "MobileSafari/602.1 CFNetwork/811.5.4 Darwin/16.7.0"
77.241.130.214 - - [13/Sep/2017:22:14:57 +0200] "GET /favicon.ico HTTP/1.1" 404 507 "-" "MobileSafari/602.1 CFNetwork/811.5.4 Darwin/16.7.0"
185.110.132.239 - - [13/Sep/2017:22:34:47 +0200] "GET / HTTP/1.1" 200 440 "-" "Scanbot"
188.182.160.189 - - [14/Sep/2017:00:00:51 +0200] "GET /test/writelog.php?logtext=Obtain%20IP%20188.182.160.189 HTTP/1.1" 200 205 "-" "curl/7.35.0"
188.182.160.189 - - [14/Sep/2017:02:00:51 +0200] "GET /test/writelog.php?logtext=Obtain%20IP%20188.182.160.189 HTTP/1.1" 200 205 "-" "curl/7.35.0"
121.176.46.16 - - [14/Sep/2017:02:34:43 +0200] "GET / HTTP/1.0" 200 477 "-" "Mozilla/5.0 (compatible; MSIE 9.0; Windows NT 6.1; WOW64; Trident/5.0)"
46.229.170.193 - - [14/Sep/2017:03:32:45 +0200] "GET / HTTP/1.1" 200 421 "-" "Mozilla/5.0 (X11; U; Linux i686; pl-PL; rv:1.9.0.2) Gecko/20121223 Ubuntu/9.25 (jaunty) Firefox/3.8"
188.182.160.189 - - [14/Sep/2017:04:00:51 +0200] "GET /test/writelog.php?logtext=Obtain%20IP%20188.182.160.189 HTTP/1.1" 200 205 "-" "curl/7.35.0"
157.55.39.118 - - [14/Sep/2017:04:37:26 +0200] "GET /robots.txt HTTP/1.1" 200 319 "-" "Mozilla/5.0 (compatible; bingbot/2.0; +http://www.bing.com/bingbot.htm)"
157.55.39.153 - - [14/Sep/2017:04:37:32 +0200] "GET / HTTP/1.1" 200 502 "-" "Mozilla/5.0 (compatible; bingbot/2.0; +http://www.bing.com/bingbot.htm)"
188.182.160.189 - - [14/Sep/2017:06:01:00 +0200] "GET /test/writelog.php?logtext=Obtain%20IP%20 HTTP/1.1" 200 205 "-" "curl/7.35.0"
60.191.38.77 - - [14/Sep/2017:06:31:00 +0200] "GET / HTTP/1.1" 200 477 "-" "Mozilla/5.0 (Macintosh; Intel Mac OS X 10.11; rv:47.0) Gecko/20100101 Firefox/47.0"
188.182.160.189 - - [14/Sep/2017:08:00:51 +0200] "GET /test/writelog.php?logtext=Obtain%20IP%20188.182.160.189 HTTP/1.1" 200 205 "-" "curl/7.35.0"
62.210.167.52 - - [14/Sep/2017:09:51:44 +0200] "GET / HTTP/1.1" 200 446 "-" "Mozilla/5.0 (Windows NT 5.1; rv:9.0.1) Gecko/20100101 Firefox/9.0.1"
62.210.167.52 - - [14/Sep/2017:09:51:44 +0200] "GET /HNAP1/ HTTP/1.1" 404 442 "-" "Mozilla/5.0 (Windows NT 5.1; rv:9.0.1) Gecko/20100101 Firefox/9.0.1"
188.182.160.189 - - [14/Sep/2017:10:00:51 +0200] "GET /test/writelog.php?logtext=Obtain%20IP%20188.182.160.189 HTTP/1.1" 200 205 "-" "curl/7.35.0"
188.182.160.189 - - [14/Sep/2017:12:00:52 +0200] "GET /test/writelog.php?logtext=Obtain%20IP%20188.182.160.189 HTTP/1.1" 200 205 "-" "curl/7.35.0"
109.57.186.121 - - [14/Sep/2017:12:03:04 +0200] "GET /klassefest/ HTTP/1.1" 200 1566 "-" "Mozilla/5.0 (iPhone; CPU iPhone OS 10_3_3 like Mac OS X) AppleWebKit/603.3.8 (KHTML, like Gecko) Version/10.0 Mobile/14G60 Safari/602.1"
109.57.186.121 - - [14/Sep/2017:12:03:05 +0200] "GET /apple-touch-icon-120x120-precomposed.png HTTP/1.1" 404 537 "-" "MobileSafari/602.1 CFNetwork/811.5.4 Darwin/16.7.0"
109.57.186.121 - - [14/Sep/2017:12:03:05 +0200] "GET /apple-touch-icon-120x120.png HTTP/1.1" 404 524 "-" "MobileSafari/602.1 CFNetwork/811.5.4 Darwin/16.7.0"
109.57.186.121 - - [14/Sep/2017:12:03:05 +0200] "GET /apple-touch-icon-precomposed.png HTTP/1.1" 404 528 "-" "MobileSafari/602.1 CFNetwork/811.5.4 Darwin/16.7.0"
109.57.186.121 - - [14/Sep/2017:12:03:05 +0200] "GET /apple-touch-icon.png HTTP/1.1" 404 516 "-" "MobileSafari/602.1 CFNetwork/811.5.4 Darwin/16.7.0"
109.57.186.121 - - [14/Sep/2017:12:03:05 +0200] "GET /favicon.ico HTTP/1.1" 404 507 "-" "MobileSafari/602.1 CFNetwork/811.5.4 Darwin/16.7.0"
109.57.186.121 - - [14/Sep/2017:12:03:05 +0200] "GET /apple-touch-icon-120x120-precomposed.png HTTP/1.1" 404 536 "-" "MobileSafari/602.1 CFNetwork/811.5.4 Darwin/16.7.0"
109.57.186.121 - - [14/Sep/2017:12:03:05 +0200] "GET /apple-touch-icon-120x120.png HTTP/1.1" 404 524 "-" "MobileSafari/602.1 CFNetwork/811.5.4 Darwin/16.7.0"
109.57.186.121 - - [14/Sep/2017:12:03:05 +0200] "GET /apple-touch-icon-precomposed.png HTTP/1.1" 404 528 "-" "MobileSafari/602.1 CFNetwork/811.5.4 Darwin/16.7.0"
109.57.186.121 - - [14/Sep/2017:12:03:06 +0200] "GET /apple-touch-icon.png HTTP/1.1" 404 516 "-" "MobileSafari/602.1 CFNetwork/811.5.4 Darwin/16.7.0"
109.57.186.121 - - [14/Sep/2017:12:03:06 +0200] "GET /favicon.ico HTTP/1.1" 404 507 "-" "MobileSafari/602.1 CFNetwork/811.5.4 Darwin/16.7.0"
188.182.160.189 - - [14/Sep/2017:14:00:52 +0200] "GET /test/writelog.php?logtext=Obtain%20IP%20188.182.160.189 HTTP/1.1" 200 205 "-" "curl/7.35.0"
188.182.160.189 - - [14/Sep/2017:14:05:18 +0200] "GET / HTTP/1.1" 200 502 "-" "Mozilla/5.0 (Windows NT 10.0; Win64; x64) AppleWebKit/537.36 (KHTML, like Gecko) Chrome/60.0.3112.113 Safari/537.36"
188.182.160.189 - - [14/Sep/2017:14:05:18 +0200] "GET /favicon.ico HTTP/1.1" 404 511 "http://rudihansen.synology.me/" "Mozilla/5.0 (Windows NT 10.0; Win64; x64) AppleWebKit/537.36 (KHTML, like Gecko) Chrome/60.0.3112.113 Safari/537.36"
178.73.215.171 - - [14/Sep/2017:14:24:05 +0200] "GET / HTTP/1.1" 400 0 "-" "-"
50.17.112.44 - - [14/Sep/2017:14:27:54 +0200] "GET / HTTP/1.1" 200 465 "-" "Mozilla/5.0 (Macintosh; Intel Mac OS X 10_11_5) AppleWebKit/537.36 (KHTML, like Gecko) Chrome/50.0.2661.102 Safari/537.36"
164.52.0.141 - - [14/Sep/2017:14:40:07 +0200] "\x16\x03\x01\x01\"\x01" 400 0 "-" "-"
164.52.0.141 - - [14/Sep/2017:14:40:14 +0200] "USER test +iw test :Test Wuz Here" 400 0 "-" "-"
164.52.0.141 - - [14/Sep/2017:14:40:14 +0200] "GET / HTTP/1.1" 200 446 "-" "Mozilla/5.0 (Windows NT 6.1; WOW64; rv:52.0) Gecko/20100101 Firefox/52.0"
212.27.21.228 - - [14/Sep/2017:15:04:29 +0200] "GET /klassefest/ HTTP/1.1" 200 1566 "-" "Mozilla/5.0 (iPhone; CPU iPhone OS 10_3_3 like Mac OS X) AppleWebKit/603.3.8 (KHTML, like Gecko) Version/10.0 Mobile/14G60 Safari/602.1"
212.27.21.228 - - [14/Sep/2017:15:04:29 +0200] "GET /apple-touch-icon-120x120-precomposed.png HTTP/1.1" 404 537 "-" "MobileSafari/602.1 CFNetwork/811.5.4 Darwin/16.7.0"
212.27.21.228 - - [14/Sep/2017:15:04:29 +0200] "GET /apple-touch-icon-120x120.png HTTP/1.1" 404 524 "-" "MobileSafari/602.1 CFNetwork/811.5.4 Darwin/16.7.0"
212.27.21.228 - - [14/Sep/2017:15:04:29 +0200] "GET /apple-touch-icon-precomposed.png HTTP/1.1" 404 528 "-" "MobileSafari/602.1 CFNetwork/811.5.4 Darwin/16.7.0"
212.27.21.228 - - [14/Sep/2017:15:04:29 +0200] "GET /apple-touch-icon.png HTTP/1.1" 404 516 "-" "MobileSafari/602.1 CFNetwork/811.5.4 Darwin/16.7.0"
212.27.21.228 - - [14/Sep/2017:15:04:29 +0200] "GET /favicon.ico HTTP/1.1" 404 507 "-" "MobileSafari/602.1 CFNetwork/811.5.4 Darwin/16.7.0"
212.27.21.228 - - [14/Sep/2017:15:04:29 +0200] "GET /apple-touch-icon-120x120-precomposed.png HTTP/1.1" 404 536 "-" "MobileSafari/602.1 CFNetwork/811.5.4 Darwin/16.7.0"
212.27.21.228 - - [14/Sep/2017:15:04:29 +0200] "GET /apple-touch-icon-120x120.png HTTP/1.1" 404 524 "-" "MobileSafari/602.1 CFNetwork/811.5.4 Darwin/16.7.0"
212.27.21.228 - - [14/Sep/2017:15:04:30 +0200] "GET /apple-touch-icon-precomposed.png HTTP/1.1" 404 528 "-" "MobileSafari/602.1 CFNetwork/811.5.4 Darwin/16.7.0"
212.27.21.228 - - [14/Sep/2017:15:04:30 +0200] "GET /apple-touch-icon.png HTTP/1.1" 404 516 "-" "MobileSafari/602.1 CFNetwork/811.5.4 Darwin/16.7.0"
212.27.21.228 - - [14/Sep/2017:15:04:30 +0200] "GET /favicon.ico HTTP/1.1" 404 507 "-" "MobileSafari/602.1 CFNetwork/811.5.4 Darwin/16.7.0"
145.255.9.236 - - [14/Sep/2017:15:07:06 +0200] "GET /rsh/images/stories/axdynservices1.jpg HTTP/1.1" 200 25177 "http://roadreview.ru/axapta-server-manager" "Mozilla/5.0 (Windows NT 6.1; WOW64) AppleWebKit/537.36 (KHTML, like Gecko) Chrome/59.0.3071.125 YaBrowser/17.7.1.791 Yowser/2.5 Safari/537.36"
77.241.143.67 - - [14/Sep/2017:15:12:42 +0200] "GET /klassefest/ HTTP/1.1" 200 1566 "-" "Mozilla/5.0 (iPhone; CPU iPhone OS 10_3_3 like Mac OS X) AppleWebKit/603.3.8 (KHTML, like Gecko) Version/10.0 Mobile/14G60 Safari/602.1"
77.241.143.67 - - [14/Sep/2017:15:12:43 +0200] "GET /apple-touch-icon-120x120-precomposed.png HTTP/1.1" 404 537 "-" "MobileSafari/602.1 CFNetwork/811.5.4 Darwin/16.7.0"
77.241.143.67 - - [14/Sep/2017:15:12:43 +0200] "GET /apple-touch-icon-120x120.png HTTP/1.1" 404 524 "-" "MobileSafari/602.1 CFNetwork/811.5.4 Darwin/16.7.0"
77.241.143.67 - - [14/Sep/2017:15:12:43 +0200] "GET /apple-touch-icon-precomposed.png HTTP/1.1" 404 528 "-" "MobileSafari/602.1 CFNetwork/811.5.4 Darwin/16.7.0"
77.241.143.67 - - [14/Sep/2017:15:12:43 +0200] "GET /apple-touch-icon.png HTTP/1.1" 404 516 "-" "MobileSafari/602.1 CFNetwork/811.5.4 Darwin/16.7.0"
77.241.143.67 - - [14/Sep/2017:15:12:43 +0200] "GET /favicon.ico HTTP/1.1" 404 507 "-" "MobileSafari/602.1 CFNetwork/811.5.4 Darwin/16.7.0"
77.241.143.67 - - [14/Sep/2017:15:12:43 +0200] "GET /apple-touch-icon-120x120-precomposed.png HTTP/1.1" 404 536 "-" "MobileSafari/602.1 CFNetwork/811.5.4 Darwin/16.7.0"
77.241.143.67 - - [14/Sep/2017:15:12:43 +0200] "GET /apple-touch-icon-120x120.png HTTP/1.1" 404 524 "-" "MobileSafari/602.1 CFNetwork/811.5.4 Darwin/16.7.0"
77.241.143.67 - - [14/Sep/2017:15:12:43 +0200] "GET /apple-touch-icon-precomposed.png HTTP/1.1" 404 528 "-" "MobileSafari/602.1 CFNetwork/811.5.4 Darwin/16.7.0"
77.241.143.67 - - [14/Sep/2017:15:12:43 +0200] "GET /apple-touch-icon.png HTTP/1.1" 404 516 "-" "MobileSafari/602.1 CFNetwork/811.5.4 Darwin/16.7.0"
77.241.143.67 - - [14/Sep/2017:15:12:43 +0200] "GET /favicon.ico HTTP/1.1" 404 507 "-" "MobileSafari/602.1 CFNetwork/811.5.4 Darwin/16.7.0"
87.48.2.10 - - [14/Sep/2017:15:48:57 +0200] "GET / HTTP/1.0" 200 440 "-" "-"
188.182.160.189 - - [14/Sep/2017:16:00:51 +0200] "GET /test/writelog.php?logtext=Obtain%20IP%20188.182.160.189 HTTP/1.1" 200 205 "-" "curl/7.35.0"
211.206.124.179 - - [14/Sep/2017:16:28:35 +0200] "GET /manager/html HTTP/1.1" 404 504 "-" "Mozilla/5.0 (Windows NT 5.1; rv:5.0) Gecko/20100101 Firefox/5.0"
77.241.143.67 - - [14/Sep/2017:17:00:15 +0200] "GET /klassefest/ HTTP/1.1" 200 1566 "-" "Mozilla/5.0 (iPhone; CPU iPhone OS 10_3_3 like Mac OS X) AppleWebKit/603.3.8 (KHTML, like Gecko) Version/10.0 Mobile/14G60 Safari/602.1"
77.241.143.67 - - [14/Sep/2017:17:00:15 +0200] "GET /apple-touch-icon-120x120-precomposed.png HTTP/1.1" 404 537 "-" "MobileSafari/602.1 CFNetwork/811.5.4 Darwin/16.7.0"
77.241.143.67 - - [14/Sep/2017:17:00:16 +0200] "GET /apple-touch-icon-120x120.png HTTP/1.1" 404 524 "-" "MobileSafari/602.1 CFNetwork/811.5.4 Darwin/16.7.0"
77.241.143.67 - - [14/Sep/2017:17:00:16 +0200] "GET /apple-touch-icon-precomposed.png HTTP/1.1" 404 528 "-" "MobileSafari/602.1 CFNetwork/811.5.4 Darwin/16.7.0"
77.241.143.67 - - [14/Sep/2017:17:00:16 +0200] "GET /apple-touch-icon.png HTTP/1.1" 404 516 "-" "MobileSafari/602.1 CFNetwork/811.5.4 Darwin/16.7.0"
77.241.143.67 - - [14/Sep/2017:17:00:17 +0200] "GET /favicon.ico HTTP/1.1" 404 507 "-" "MobileSafari/602.1 CFNetwork/811.5.4 Darwin/16.7.0"
77.241.143.67 - - [14/Sep/2017:17:00:18 +0200] "GET /apple-touch-icon-120x120-precomposed.png HTTP/1.1" 404 536 "-" "MobileSafari/602.1 CFNetwork/811.5.4 Darwin/16.7.0"
77.241.143.67 - - [14/Sep/2017:17:00:18 +0200] "GET /apple-touch-icon-120x120.png HTTP/1.1" 404 524 "-" "MobileSafari/602.1 CFNetwork/811.5.4 Darwin/16.7.0"
77.241.143.67 - - [14/Sep/2017:17:00:18 +0200] "GET /apple-touch-icon-precomposed.png HTTP/1.1" 404 528 "-" "MobileSafari/602.1 CFNetwork/811.5.4 Darwin/16.7.0"
77.241.143.67 - - [14/Sep/2017:17:00:18 +0200] "GET /apple-touch-icon.png HTTP/1.1" 404 516 "-" "MobileSafari/602.1 CFNetwork/811.5.4 Darwin/16.7.0"
77.241.143.67 - - [14/Sep/2017:17:00:18 +0200] "GET /favicon.ico HTTP/1.1" 404 507 "-" "MobileSafari/602.1 CFNetwork/811.5.4 Darwin/16.7.0"
188.182.160.189 - - [14/Sep/2017:18:00:51 +0200] "GET /test/writelog.php?logtext=Obtain%20IP%20188.182.160.189 HTTP/1.1" 200 205 "-" "curl/7.35.0"
155.94.88.58 - - [14/Sep/2017:18:22:30 +0200] "GET / HTTP/1.0" 200 440 "-" "sysscan/1.0 (https://github.com/robertdavidgraham/sysscan)"
157.55.39.114 - - [14/Sep/2017:18:37:27 +0200] "GET /klassefest/Fester/2011_1/index.html HTTP/1.1" 200 705 "-" "Mozilla/5.0 (compatible; bingbot/2.0; +http://www.bing.com/bingbot.htm)"
168.1.128.59 - - [14/Sep/2017:18:58:51 +0200] "GET / HTTP/1.0" 200 440 "-" "Mozilla/5.0 (Windows NT 6.1; rv:31.0) Gecko/20100101 Firefox/31.0"
172.104.108.109 - - [14/Sep/2017:19:08:10 +0200] "GET / HTTP/1.1" 200 465 "-" "Mozilla/5.0"
157.55.39.153 - - [14/Sep/2017:19:12:27 +0200] "GET / HTTP/1.1" 200 502 "-" "Mozilla/5.0 (compatible; bingbot/2.0; +http://www.bing.com/bingbot.htm)"
77.241.143.67 - - [14/Sep/2017:19:57:53 +0200] "GET /klassefest/ HTTP/1.1" 200 1566 "-" "Mozilla/5.0 (iPhone; CPU iPhone OS 10_3_3 like Mac OS X) AppleWebKit/603.3.8 (KHTML, like Gecko) Version/10.0 Mobile/14G60 Safari/602.1"
77.241.143.67 - - [14/Sep/2017:19:57:54 +0200] "GET /apple-touch-icon-120x120-precomposed.png HTTP/1.1" 404 537 "-" "MobileSafari/602.1 CFNetwork/811.5.4 Darwin/16.7.0"
77.241.143.67 - - [14/Sep/2017:19:57:54 +0200] "GET /apple-touch-icon-120x120.png HTTP/1.1" 404 524 "-" "MobileSafari/602.1 CFNetwork/811.5.4 Darwin/16.7.0"
77.241.143.67 - - [14/Sep/2017:19:57:54 +0200] "GET /apple-touch-icon-precomposed.png HTTP/1.1" 404 528 "-" "MobileSafari/602.1 CFNetwork/811.5.4 Darwin/16.7.0"
77.241.143.67 - - [14/Sep/2017:19:57:54 +0200] "GET /apple-touch-icon.png HTTP/1.1" 404 516 "-" "MobileSafari/602.1 CFNetwork/811.5.4 Darwin/16.7.0"
77.241.143.67 - - [14/Sep/2017:19:57:55 +0200] "GET /favicon.ico HTTP/1.1" 404 507 "-" "MobileSafari/602.1 CFNetwork/811.5.4 Darwin/16.7.0"
77.241.143.67 - - [14/Sep/2017:19:57:55 +0200] "GET /apple-touch-icon-120x120-precomposed.png HTTP/1.1" 404 536 "-" "MobileSafari/602.1 CFNetwork/811.5.4 Darwin/16.7.0"
77.241.143.67 - - [14/Sep/2017:19:57:55 +0200] "GET /apple-touch-icon-120x120.png HTTP/1.1" 404 524 "-" "MobileSafari/602.1 CFNetwork/811.5.4 Darwin/16.7.0"
77.241.143.67 - - [14/Sep/2017:19:57:55 +0200] "GET /apple-touch-icon-precomposed.png HTTP/1.1" 404 528 "-" "MobileSafari/602.1 CFNetwork/811.5.4 Darwin/16.7.0"
77.241.143.67 - - [14/Sep/2017:19:57:55 +0200] "GET /apple-touch-icon.png HTTP/1.1" 404 516 "-" "MobileSafari/602.1 CFNetwork/811.5.4 Darwin/16.7.0"
77.241.143.67 - - [14/Sep/2017:19:57:55 +0200] "GET /favicon.ico HTTP/1.1" 404 507 "-" "MobileSafari/602.1 CFNetwork/811.5.4 Darwin/16.7.0"
188.182.160.189 - - [14/Sep/2017:20:00:52 +0200] "GET /test/writelog.php?logtext=Obtain%20IP%20188.182.160.189 HTTP/1.1" 200 205 "-" "curl/7.35.0"
209.126.136.4 - - [14/Sep/2017:20:48:08 +0200] "GET / HTTP/1.1" 200 446 "-" "Mozilla/5.0 (Windows NT 10.0; Win64; x64) AppleWebKit/537.36 (KHTML, like Gecko) Chrome/57.0.2987.133 Safari/537.36"
175.143.132.84 - - [14/Sep/2017:21:16:31 +0200] "GET / HTTP/1.1" 200 440 "-" "Mozilla/5.0 (X11; Linux x86_64) AppleWebKit/537.36 (KHTML, like Gecko) Chrome/57.0.2987.98 Safari/537.36"
37.145.124.90 - - [14/Sep/2017:21:21:09 +0200] "GET / HTTP/1.0" 200 477 "-" "Mozilla/5.0 (compatible; MSIE 9.0; Windows NT 6.1; WOW64; Trident/5.0)"
188.182.160.189 - - [14/Sep/2017:22:00:51 +0200] "GET /test/writelog.php?logtext=Obtain%20IP%20188.182.160.189 HTTP/1.1" 200 205 "-" "curl/7.35.0"
185.82.223.50 - - [14/Sep/2017:22:49:56 +0200] "GET /manager/html HTTP/1.1" 404 504 "-" "Mozilla/5.0 (Windows NT 5.1; rv:5.0) Gecko/20100101 Firefox/5.0"
188.182.160.189 - - [15/Sep/2017:00:00:52 +0200] "GET /test/writelog.php?logtext=Obtain%20IP%20188.182.160.189 HTTP/1.1" 200 205 "-" "curl/7.35.0"
188.182.160.189 - - [15/Sep/2017:02:00:52 +0200] "GET /test/writelog.php?logtext=Obtain%20IP%20188.182.160.189 HTTP/1.1" 200 205 "-" "curl/7.35.0"
213.180.203.18 - - [15/Sep/2017:02:47:38 +0200] "GET /robots.txt HTTP/1.1" 200 319 "-" "Mozilla/5.0 (compatible; YandexBot/3.0; +http://yandex.com/bots)"
213.180.203.18 - - [15/Sep/2017:02:47:42 +0200] "GET /appldeploy/AxDynServices/publish.htm HTTP/1.1" 200 2814 "-" "Mozilla/5.0 (compatible; YandexBot/3.0; +http://yandex.com/bots)"
188.182.160.189 - - [15/Sep/2017:04:01:01 +0200] "GET /test/writelog.php?logtext=Obtain%20IP%20 HTTP/1.1" 200 205 "-" "curl/7.35.0"
40.77.167.121 - - [15/Sep/2017:04:33:57 +0200] "GET /klassefest/Fester/2011_2/index.html HTTP/1.1" 200 705 "-" "Mozilla/5.0 (compatible; bingbot/2.0; +http://www.bing.com/bingbot.htm)"
188.182.160.189 - - [15/Sep/2017:06:00:52 +0200] "GET /test/writelog.php?logtext=Obtain%20IP%20188.182.160.189 HTTP/1.1" 200 205 "-" "curl/7.35.0"
60.191.38.77 - - [15/Sep/2017:06:16:45 +0200] "GET / HTTP/1.1" 200 477 "-" "Mozilla/5.0 (Macintosh; Intel Mac OS X 10.11; rv:47.0) Gecko/20100101 Firefox/47.0"
157.55.39.153 - - [15/Sep/2017:06:46:26 +0200] "GET / HTTP/1.1" 200 502 "-" "Mozilla/5.0 (compatible; bingbot/2.0; +http://www.bing.com/bingbot.htm)"
188.68.224.40 - - [15/Sep/2017:07:01:38 +0200] "GET /recordings/ HTTP/1.1" 404 447 "-" "curl/7.29.0"
